file_name:50.50.mp4
file_size:734729474
file_chunks:140
last_chunk:726274
1:b'\xae\xdd\xae\xc7\xce{0\xb0\xca]\x1d\xf8\xa3\x15\x9db\xa7b\x1c\xf3n\x9d\xed\x0eqS\xadS\xd9\x1e\x96\x96'
2:b'*\x00Q\xa7\xcc\xa5S\x86\xd9\x92\xaa\x11pj\xbbrs\x0fi\xe5\xdd\xfa\x91aT\xd2t\x19\x19\xd0\xc7\x93'
3:b'U\xff\xa0\rVL\xaa\x11\xdf\xa3,W\x061\x7f\x1b"\x9ez\x90\x9b\xdc\xeaU\xb5,\xa4mCM\x8b\xf3'
4:b"^\xea/t\xef\xf4'o\x04\xed7\xbcF\xc1\xe8\xdb\xb0\xcd\x15NK&\xb5jSvR\x8d\xd9c\xba\xda"
5:b'\xd3\xc0\xcf\xe0\xa8M\xc6\xd2\xb6YrC\xdb\xac5+\x1eP\xcd\x14\xa0\xadx\xbc\xb7\x88\x87\xa7w\xa5#2'
6:b'\xdb(\n\x83\xc2\x0fU\x91\xb4\x1b\x8bi\x87"\x0e<Ig\xc7\xc6Ol~\xc0\x89q\x05\x8a\x84\xa6\xb92'
7:b'\x05\xce\xee\xeb ,\x9d\x7f\xed\xeb\x00\x9dHf\xa7g\xd2\xe0\xeet-\xdb%\xee\xaf\x9d`z7I\x8e-'
8:b"P\x82b\x94A\x14\x1e'^\x83Ud\xb8O\x8eP\x04~\x05\xb6\xe4\xf8(+\xc7\xe3e\x9b('\xcak"
9:b'\xdbT?\x14WT\x9c\x87}\xee\xd2U\xbcG\xf7\x9f@\xf7\xad\rE\xbf\x9b\xad\tH\x82\x91\x13\xfa\x8eP'
10:b'\xe4h\x80\xb2\rYV\xddv\xf9\x8a\xb56\xdcq\xd5#]\x10\x15\x88\x1e\x89\xc3]\xa9\xbe\xc0{yj:'
11:b'\xa9D\x8f/o\n\xc1\xf7\xcbV\x9e\xbf\x0b)\xc0\xcdq\x97\xf0&\xb4D_\xb2\xa9q\xc8\x87\xab\xef\xea"'
12:b'\xaa\xf4\xf9\xc4\x99\x0b\x19\xb7\xc0\xb7\xc7"\xd9\xdc\x97\xea\x07\xc3\xd3L\xeew8\xb0\xcb\x19|\xca\xa6\xd0\x1cR'
13:b'\x90/\xe8I\x15U,\xf6\n\xd5>\xbb\xdf\xf4\x1f\x9da|1\xe3\xe4|\x04\xf6+\x18\x8e\xd5\xa9x@\x15'
14:b'^\xedt\x0f\xc2\xd89\x96\xd4c\xda\x0c\xeavV\xcc\xbdw9p:\x92\xfb\x11N<\xe4B\x08\xa7Y\xe5'
15:b'073\x91O\x92\xa1\x1aB\xa9dw\xe9\xe3\x92\xd4\xe6\xa34m\xa4|\xb8W\xa9<\x01\t\xdc\xffJT'
16:b'#N\x18\x0f~H\xf8\x17$\xcc\x9a\xd3\x11\xcb|\x85\xd0\xe9\x10e\x1e\xfa\xf9A\xf4\xf2\xe3\xafR\xe4!N'
17:b'X\xf6\xaff\xac\x1b\xb3\x7f\x87\xa2p\xce\xe9\xb7}\xf0z\xd1G\xa9g/\x10*\x0e1\xa1\xa7_\xd9@V'
18:b'=\xf1\xcf%[&9\x88\x17\xf5\x7f4SN\xa3\x9aQ\x02=\xff\xad#E\xdcMp\xaf\x96\xe2\x81\xe8\xdb'
19:b'\x0b<\x07\xf4\x8e\x1b\x9d\xc9\xebDf\x07\x91k\xd0\xfbN}\xbdl\x18\xd4\xed\xa8i\x11\xbb\xeaH#T\xbd'
20:b'\xba\x8bI\x07l\xeb6|\xcd\x98\xd0\xd6\xe2\x92~1\x1aN\x0e\xbd\t\r\xe2\xedCz^BqM`*'
21:b'r\xe4\xfc\x02\xbbVV\xba\x1a\x00\x04\xb5\x17$*K\x90\xc1\x00\xac\xeb7\xb2\xb5\x83\x87\xd9\xbaUB\n\xfa'
22:b'o)\x91iG\xe3\xf4\xa8\xac\xd0\x1a<\x96\x06\xf2\x8al\x94\x92,\t!\x07\x94\x91N\xd5\xb7\x88\xb1x\x10'
23:b'K&jh\x0es\x0f\xb5*E\xc0\x01\x81\xb1\xbdZ\xcf\x00\xb0\x99\xf0d\xee\xa1G\x98l\x13\xe1\xde\xae\xc2'
24:b'\x9edQ[\xc5\x8e\x04\x7f\xe5\xa7\x94\x02\x8es\xd0\x8e\xcc\x93\xd3\xf2(}P\x8e\xdd\xf9{.Q\x08\x0f\x17'
25:b'X\xf9\xa4l\xd1_\xd6\xcd\xb5[\xcc\r n\x1eq]\x9f\xc3x\xa7\x88\xc4v\x03\xc7\x18\xa8\xd6K?\xe4'
26:b'\xae\x12<\xf8\xb4\x10\x1b\x9fh\xea\xb1\xdf1\xb9\x16!\x96\xc29\xe0\x01\xa8j3A\xbfCD\x1c\x07\xb5\x10'
27:b'\xe2;26 \xb3l`)\xa2\x1f\x07\xe4\xf8\xd3\xda\xd5s&\x1e\xfd\r\xa7\xf1|tp^\xec\x18JB'
28:b'\x17\xeb\xef\x10\x99\xd0\xf1[JM*\x12n\x9d\xdd\x9d$"\xa8\xe6@\xd3\xa4>bH\xc1\x1b\xd8\x12\xbc\x1a'
29:b"\xc5Yp\x01EY\x92\x1cM\xcc\xaeQ0\x91'\xc0cH\x14db<;\xb7`\xc4*d[k\xa1\x05"
30:b"'\xf6\xef;\xcc*\x1d\xf7t(\x8c\xef\xa7\x1a\x10\x8d\x98\xb8uR(\xb4\x9ed \xa8\xd6\xf6^X~\x06"
31:b'\xee\x94\xe5N\x1d\xb49\x19*\x8c\x11O\xbf\xcd\xf0\x8c\xbay\x17\x88\xb2\xfd\x88#\x00=LO\xd1\x17\x8a\x1a'
32:b'a!\x93\xe4w\xb4\x1e\xf3\x87\\&I\xa0\x01B\xe5\x99u\xb6\xff76u9\x04/\xb4N\x16\t+\xaf'
33:b'sJ~\x98\x1bN\xd5K3\xac0*\xaa/\x91ig\xdf\xa6\xec%\xe2\x8b\xfb\xaa\xd3\xad\x94X\xb8\xaf\x1c'
34:b'\xb5c\xdfO\xad\xf6l<\x88\x11u/\xea\xdcZ\x89Q;\xc5\xe2S\xaa\xa1\xfa\xb2\x1eh\x84V\x0fi\xaa'
35:b'\x08\xc6\xf9\x8e5\x84TX\x1dd9v"p~\x98:\x97\x13\\\xdb\xb7\x9b\x0b?\xfa\nv\x0e\x98\xadP'
36:b'\x9f\xbc\x86\xdb=Q\xd0\xc2\xdb\x15\xed<\xde\x00\xb1)\x11\xa6\x91S(\x83\xa7j\xce+\xc5Isp\x81{'
37:b'\x80\x0f(\xe7=W\x0c\xec\x04t\xc9\x10\x8b\x99\xdc\xef\xea\xf4d\xe3\x9c\xa9~\n\x0e\xb8\xd3\xe8Z\xb7\xfe\xe5'
38:b'J\x9c\x1e\x98w\x95\xddRz9\x98\xcf\xa2>\x0b\xfa\xe9E\r\x94\x0b\xe6\x9a\xa6\x91\xfcF6\x91o\xf4='
39:b'\x0e\xf0\xf6\x1a\xa0\x1cv\xbd,\xebmm\xc2\xa2\xe6\xa0\xd8\xdd\x13T\x1e%\x83Q|\xfb\xe0,\x8b\xa9\x12e'
40:b'\xf3u\xb8\x8aPLvKG#|\x99\x1d%\x18\xc8\x9a\x9di\xe5S\x1d\xe2\xa1\xf3\x94\xcf@\xdcU\xae5'
41:b'\xdae\xa9\x8fs\xcck[1\x1d\x18\x8e\x06\x1f\x83\x0f\x8b*J\t\xeacd\xfd\xa9\xe7\xcbc)\xd6\xb7-'
42:b'\xe9\x1a%\xb8Fh\xc2\xb6\x9f\x97DM\xa2\x88$\xbf\xbf\x0bm3\xaeX\xa2\x15\xa9\xbbe#\xbdr~b'
43:b'\x04\xb7\xdaS\x9a\x1agKCy\xb4X\x91\x06;\xd8?&\x87\x8d\x99\xb3\xf2;\x0b\xbb\x04\x04Vx\x16<'
44:b'\x07\xd7%\xd3h\x04\xefZqLi\x06\xf6DY\xd0\x08\x83\x19\xe2;\xa5\xde\xe9\xad\xcf\x1dk\xee1M\x9d'
45:b'f\xdecjkZ\x1cH\x8abaK\xc1R\xe1\x9b{R\xf6\xe2\x1f\xf2?\x8a\x85(\xa6.#G\x08\xa9'
46:b'\x9ay|!\xc5P:\r\xa1\x1b\xb5\xec\xb0\xa5\x0e\xf3\xc2\x94\xcc\x1c\xf53\x8e*w\xff?\xf8\xf2#3\xcd'
47:b'\x98\xd04\xad!\x8b\xef\x90A\xca\xd2\xb9\xe7x\x16\xc8\x86\xfe\x8fr\xf4)32a\xbe\xdfT\\\x0b\x01\xd2'
48:b'nk9m\xc18j\xb3\xffC\xd1o\xd5\xedA\xf7@Q\xbaQV\x01\xd8\x94\x0bPRy\x15\xf6M\x92'
49:b'MO\xf6v$\x84~p\xceC\xa2\xe3\xe4\x96\xb3g\xbc9\xddw,\nI\x8f$\xbb,\xe2\xa8\x8b9\xfd'
50:b'\x83Z\xb9n\x05^\xcd\xeb\xe4\x08\xd9\n8!s"H\xaf#\xbc\x81\x9dZvUV\xe2\xdb\xd1\t\x91M'
51:b'\xdd\x0f\xfa\xcfE\x02,\xc4KQ\xf0E\xed\xbc*\xcd\xa63[\r\xa7\xf8\x98\x15OO\xbcY\x9e\x88\xec\x1d'
52:b'\xb7\x89\xd8\xdb\xd9\xadP6\xc6}\xb1\x8d\x08\x9d>Kw\x11\x16\x14\x17U\xa7\xe9\xbc\x08\xb5\xe6\xd9Y\xa6\x93'
53:b'Tt\x15\x92\xb8H\x17ac\\\x94\x7f\xebi\xeb\xe0\xfe\x05v\xda\xcf\xa6\xab\xb6\xac\xef\xb8\x87\x88\xd2\x83y'
54:b'\xf3\xc5\x9c\x85\x8d\xc9\xf6\xa4\xc6\x18\x05p\xdcUxv\xf6\xdd0\tJ\xac\xa1\xaf\n]\x1dL\xc4G\x08&'
55:b'\xa1\xb1\x8feG\xe9\x82\xab\x00\x07w\xb6\x83\x89\x06\xcc\x92\xab\xe7=\x93\x10\xd4\xec\xa7\x88\xb8\xbe\xcdu!e'
56:b"B\xc6k4t\x04\xdc\x06z\xa8\x8c\xbbN\x9f\xa9-\xf7\x8ax8\xd8'6\x18 \xba\xd5i\xeb9\xda\xa0"
57:b'k\x10U\xe4\xb8l\xeaY\xfa\xac\xcf\xbbX[\'\xd0\xcf"\xa6S\x07\xf1\x13\xf9\xe7\xf5\xd8\xb0\xf7a\xd3\xb2'
58:b'\x80A\x0c\x05\x9e\xacP\x91\x96\x9e\xefdV\xaeu\xf8^mf\xcf\xf0\x1b\x97\xc2W\xb7\xdc\xaa\xb6\xc5\x0b`'
59:b'B\xed\n7\x1em\x97I\x96\x8c\x03\xa9%ZN\xda|UV>\x84\x80\xf9\xe3\xe8\xc1D\xbb\xc4>"\x8d'
60:b'\xf6\x8dC\xcd$\xc4\xea\xed\xfe\xad\x82mI\xc2_Y\xc0u\xc7\x80\xd7\xc2\x85\xac\xf0\xbe|J\xffS\xf8\x80'
61:b'\xdf\x84\xe6\x04\xc5\xc7\x88\xb09?\x9e6\xb6\xdb\xefU\x9cU\xde0Mg:J\x83C\xf4\xad\xfd~\xd9\xb6'
62:b"g\x05_5\x98\x16'\x9eu\xac^:\xd4\xad\xe2\xaa\x0e\xcdegY(\x12\xdd\r\xe6\xd7\xfe-\x9e\xd1e"
63:b'"\xb1\x0e\xbe:]\x96%|\x060\x07\x03\xd1\xc72\x8e~\n!?\x84\x9f\xd0=:&\xc6J_\xd1g'
64:b"t\xa5\xc0\xd7R\xc9$\x9e\xcba@|\x89s\xf6/2\xeb)\xe6\xc3\xafS'r7\x8e\xd3;,U\x0b"
65:b'L%(F7z\xe7\x03\xb0\x89\x16\xd2\x02\xb3q/V\xbbK\x96\x8e\x92c\xe9\xdc\xd7?Q\xa9\xde\xf8\xae'
66:b'\x14\xe0y^\xdc\xc2\xf5\x8a)y\x06*\x07i\x1fc\xdb\x05f\x0e`\xaf\xd2\x85\xb7\x89^\xf16\xd3\x8fK'
67:b"\\\xf5A'\x954\x10\xe8\x1f\x0b\x94\x1f\xfbL\xdf\x9a\x98\xdb\x15\xe9\x15\xaaZ\x0f\xdc\xca$\xb1\x88Sh\x1b"
68:b'\xfd~d\x9f\xf2\xb4\xd4`A\xeb\xb8\xf3H\xc24\xdf/2\r\x08Up\x8ab\xefV\\\x1dtb\xbb\xe0'
69:b'\xa55)~G\x96H\x18\xf3B\xf7\x10-I\x1e\xed\x1c\xd6j,`+\x88\xe3i\xd3\xa4c\xd9\xd1\xf0L'
70:b'\nP0\xa7\xb4\x99\na\xf3\xb9\xafY^.\x16\x9a>\xbd$\x15e\r\xc37+\xc5\xf4"\x19Q\xba\x01'
71:b'6\xfbt\x90\xf44^\xab\xf1\x9fD \xa7DKHOz8\xe5\xd2\\l\x18=\x97kx/D\xd3\x90'
72:b'\xf6AE\x17\xa3\x9aM{Z\xab\xdf\xc2\x92\x11:o)\xe7\xd6[\xa4\xf6+\xf9\xf4\xf6\xfc\xe8N#+s'
73:b'\xb0I\xf8\xa8q\x7f.\x08L\xe4\x82\xa0\xfc\xe5\\.Rf\x87\x9b%\xd3\xccbZ\xfc\xd4\xd6\xd3TT\x1b'
74:b'E6\xab\xf9\x81lm\x16\xb1&\xdde\x13\x7f\xa6!?\xa6\xf4\xa7x\xb7GzU\x08K\xc82\xab\xf7;'
75:b'\xdc\xd0er7W\xaf\xf7\xb0\xf7\xbb\xa8\xe9\xeaL\x13\x03\xbc\xd7}\x9c\x9e\xdc\xd4\xc5\x87C\x7f\x9e\xd3!\xfb'
76:b'#\x99;\x99\x0f\xf2\xc3\xc53Q\xae\xef\xcbq\x18R\xce\xb9\x90\x10`c\n\xd9\xa2t\xcd\x9c\x00\xfeD\x8e'
77:b'\xe5+\xd30\xd4g\xfe\xa1g\xcd\x99\x17\xc4}+\xe2ec\xd7\xa1S:\xe1\xf5\xf0\xd9e{\xf1d\xa1\xb6'
78:b'\xc5\x82\x87\xe9?\xbbxtn\x02\x8c8+\xaf\x9a\xe7y\x10\xb1\x83.!0\xe1jN\x8aY\x0e\xb3\xf9\xc0'
79:b"\x80\x90\xc0`[\xce\x94\xc1\x91\xc3\xf8\xd0,\xed\xf3\xcd2\x18'i\x9d\x85\x0c2\xa1\xb8\xfd\xc1\xebSdI"
80:b'2\x16\xe2\x13\xf4\xe3\xe7\xa0L\xb3\xe3\xdd\x06\xef6lD\x8f"\xb3?\x92/\x00\x9b\xd7\xbb\xa7\xd9\x07\x9c\xc0'
81:b'\xe9\x88\xfb\x018R\xa3!\xad\xc9\xa5bX\xd9\x06\x86\x1f\x05\x8a\xa4\xa2~S\x95\xe1\x1b\x92\xe9\xb5\xa6\\\x1b'
82:b'\xac\xf5\xa7\x9d#\xe2\x7f\x8e\xbe\xbd\xae5yA\xf5{\x1d\xefC\x81\x1c\x9a\xa1\xa8\xa7\xd5\x88\xc4\xe1\x1a\x94\x93'
83:b'\xce*\xa4j\x97\xacz\xa5j\x00\xa2\xce@:\xf2p\xa5\x17Z\xa9\xda4\x04\x13Zx\x8a\xa0\xbd\xc9c1'
84:b"`\xee'\xc2Z\xf2x\xd7-\x7f\x9c\xe1f:\x1d3\xcf\x81u!\xe8\xde\xdf3\xdf\xe8\x93h\x18\x9bv["
85:b'\x10\xddm;\xb7@\x80\x94\xa0\xd8\xb1\xa1\xa2\xa5\n\xddx*!\x1e`\x8ad*K?\x19\xfd\t\xd4iX'
86:b'\xd8\r\xda\x0f;\x85\x021sj\x82D\x9a\xf3:<\x9dc+\x1bC\x9c\x9d\xf2%_]q\x84\xc4\xadg'
87:b'J\xca\xaf\x84*\x16J\x0f\xfe\xe8\x19\xe0\xads\xa4\xfbP\xb0\xd6\xf4A\xad\xbb\xaa@B[K\xb2\x9e\xc7\x8f'
88:b'\xad\xb4dN(\xa8M/\xd0\x19\xc5\xec\xb4\xc4V\xe8c:u\xd8hY=@\xa5\xf2\xd7"\xf3\xcf\xbb\x7f'
89:b'\x98\xd4B\xa6]\xf8p\xa6S\x01\x00\x14o.K\x1b\x80\x99\xd7\xfd\x17d\xa6\x10\xcaN\xb6\xeb|\xd9\x04Y'
90:b's7]\xabu\xbd\x13U\x96\xd8\x92$\xfe\x1f\x0bu\x06t\xfe{\x1a\x9f\xc9K?\\@a\xe5\x15^\x1c'
91:b'j\xc3Z\xac\xcd,!*\x87\xbf&\xd1\xef.hmb\x80\x8c\xfe\x83\xd2\t\x7fZ\xf0\xf3`\xaf%G\x87'
92:b'\xe7cV\xc8\xffdt\xb3\x0bbh\x9f\xbe\x0e\x1c;\x01"\xbf\\\x93\xd6@\nJ\xb7\x81\t\xa0\x03B\xb3'
93:b'\xaa\x03\x1f\xce\nrp\xe4\xd3z\x00\xfc@\\\xe6\x08\xcb\x13\xb8r\xbb\xa9/\xca\xda\xea9\xed\xba\xa82,'
94:b']"\x17\xaey\xbc]\x19\xe8Ww\x1d\xa6\xf8uq+c\x90DT\xf0\xf4f\x08\x1a\x98\x87\xbe\xd2\xd0R'
95:b'\x18\x83\xf5>O\xfb\xbe\x02\x1d\x80=\xcd\xbeu\xf4\xe6\xd7+\xf6@},\x03V\x96(Lp\xf2\x1eI\xb7'
96:b'\x06\x17\x01;\x1f\xc1\xae"\xf9\x96\x81\xb8\xd4\xda\x91eh\xd8\x9af~\x81\x84\xc9\x9a\xd8v\xbf\xfb\xb2\xddX'
97:b')AM\xdd4\x9c+\xbdr\xa2\x86"\xfa\xaex\x18\x8c\x8f86\x87Y\xe2BL\xdd\x82\x0ef\x7f\xa3\x1e'
98:b'\x81\xe3\xc1F\xe9wc\t0\xb5\xecq}\xbf\xa3.\xb1\xa7=\x13cn \xeb\x91\xed.\x95!\xa53\xaa'
99:b'\xfd\x9a\xbb\xcf|\xdd\xbb&\xdc\xf8C\x9c~>\x92,\xd7\xce\xb5\x0b\x1b\xf9R\xd0\xd9\xf7G\xa4\xe0\n\xc7_'
100:b'+\xc3\xcf\x18\xde\xeb)\x9d\xbe\xe5\x94\x014\xa4\xbb)z\x94/M\xfd\xe1%k\x86\xa9\xcfUPIU\xfd'
101:b'\x83\xee\x11\x7f\xa4\xd7\xbf\xb8\x18\t_\x87\x9b\x0b\xbc4\xb0\xea\xe0\x1f\xbc\xad\xea\x1f\xee2\x98\xb8\xe3\xb9\x92\xb4'
102:b'\xe0\xd1c\xbe\xab\x0fo\xef\xb8\xf4\x84O\xfc\x8f\x82\xd3\x96\x81\x07\\\x86\xf5\\\x9dD\x89h\x89t\x8f\xb2\x96'
103:b'\xbd\xaf\xd0\xd7\xe8tbo\x01f\xfb\xe0\xbf\x88\xad\x99\xe2\xa4|w\x8c-\xa4\x92\xb6]W\x13A\r\xeeK'
104:b'\xc8\xd2q\x1d\xff\xa5\x15x\xc1>\xa0\xd9"\x91T\xc8\xe7,\xc0\xd1YKH\xfbC\x08\xd8K!\xf1\x19H'
105:b'\x8a\xebe\xe8,\x87\x08J>\xb88\xa8(\xc2y\xe3m\xb9\xbe\xca.\xab9_\xb5p\xbf!\xdc\xd8\xd9\xcc'
106:b'9_\nQF\xb0"\x80G\xcc*^B\xf3\xcf\x88\xe8\xb0\x87b\x15\x1e\x9eN\x8c\x15ZX<\xf7\r\x1a'
107:b'[KU\xe3\xd8\xce\x89\x92T\xa2\xa9\x0e\xc5\xce\x80\x08\xb2\xbcb^\xc1`\xfc\xf6\xbb5)\xf5\xac\xc8\xcf\xee'
108:b'\xf3%\x91\x1c\xaf\xf9b3\x1a\x87`I\x7fP^*\xfd\xb2P\r\xbfDw\xd1N}\xd6\xf0\x1b\x8f\x16\xc6'
109:b'h\x1c~>w\x9d\x82G\xca\r#\x89\xf29\x89\xda&\xb3^\xe8\xeel^\xf2\x00\x9ar}\xba\x92\x8ea'
110:b'\xdd9CY\xb2\x1a\xa3\x07\xad}S\xcb\x9f\x9f\xca5\xea\x17pJZIB\xdb\x19\xcb0!\xbcfO\xa9'
111:b'\x15`EB*\xa9\x7f@4u\x00\x97\x9d\xa8\xfaW@c\x98\x01A=!\xa0\xa3\x08u$&\xc1\xe8\x11'
112:b'\x10\xb7[\xbe(\xd0\xcb\xf1\xdb\xea\x08\x97\x0c\xfcW\x0f)|y\x97\xc8\xd2\xa0?\x9f\x9d\x8eUT1\xf7\x19'
113:b"\xf6\xb2\xc0d\xa1\x8c\xab\xe0zA\xfd\xf1\xc9\x85\xee_'[3L[T3[\xae\xf8\xb2\xa4\x10\x02aL"
114:b'\x80\x83G\xe5\xec\xc8\x10\xd2\xe3\x98g\xca\x89\xc1\xfe${\x9e\xafy\xfep\x15e\xb4 \xf7\x8eW\x12\xa8\xfe'
115:b'*\x0bo\xcd\x157\x14\x1c\xd9\xfc\xc8\xd1_\xe5yF\xad\xba\xc8\x18D\x16\x1d\x17\xc1\xe5\x196\x9e\xd5\xcf\x90'
116:b'\xd2\xea\x9cey\xdc\xdc`\xfb\xec`7z\x12\xca\x82\x18\x08\xecP\xfe\xc2\x9e\x0f\xb1\x80\xfc\x96\x05\xfa<\xc1'
117:b'\xcd\n\xaf\x13\x12)\x8a@\x1a\xd3\x99K\xca\x9d[.p\x90\x7f\t\xda\xec\xebE\x92p\x80\x9dd\xd2\xcb\t'
118:b'\xdbI\x10\xde\x9ct~8\x7f\x8d|\xf3\xa9Pe&3\x89\x82\xcal4\x99\tj\x84L\xad\xc9\x9dSi'
119:b' Ia\x07\xd12\xd7\x9f\xbb\xf4I4H\x04#\xf2\x1e\x15O\xbe\x02P%\x862\x9e\xcc\xef\xe6K\x83\xa2'
120:b'\xe6%Xy\xe4\xc5s{;\x0c\xef\x06\nh\xeb\x99\x93\x08\x17\x1e\xb2\xd0\xa8\xb2\x13@r\xb2p\x94\xe8\xff'
121:b'\x1e\x9a\xd1#\x0e?\xca>\x9c>\xcb\xc4G,\xc9\x14\x93\x06;\xd2\xb1\x82\xb9)\xef\x1f\xfde\x90\x97\xd2\n'
122:b'\x96T.\xf3\xfaa\xe53h:M\x13\xf7|\xcawD\xedii\xccN4-\xfe\xd3\x17\x00z\xe2j\xdb'
123:b'\x0cj\x0bW\x0e\xd8\xbar\xa7$\x8e\x17\xf0E\xf6\xfa\x9d\x81k\n\xc0\xbfl\xb2\xffRj\xae \xf7\x9b\x91'
124:b'\x0c u\xac\xbc\xa5\x12Z\x10\x94\t\xf6.\x06g\xb4o\xa4\xaf\x1fC\x90\xeeu9\xa6\xe7\xb6\xfe\xd2\x84{'
125:b'3\xcd\xf1qJ\x01\x1e-B\xdf\x05\xd2\xe4\xa5\xfey\x9a\x8d\x06\xbej=\xd0\xf1\xb2\xe18$)\xcd\xe1\xf9'
126:b'N\x81\xb9]G\x04%T7\x11FE\x88\xb1\xf7\x02\xd0\xa1_b@\xc4\x85\xcac\x02`\xc3\x1a\xcb\x92q'
127:b'P}\x96`\xbd\xee\x01\xc8\x8cJko\x1dGBe\xa8\xc8\x9b\x08M\xb9sEA\xef\x05F\xc7\x86\x06\xcb'
128:b'\xd5\x0fCcV\x9b\xa2D!-z\x91~\xc0\xa8\x9b\xc4B#\xcf\xbcO0}\xf6\xee\x92\xa6\xa4\xa28r'
129:b'B\xde\xdc\x1ej^\x83\xbd\xe8\x11\t|(\x89\x91\xae\xc2\xdc\n\xf2\xe6\xe0\xf8s\xfb\xd4~L\xbe\x96\x17d'
130:b"\x8aO\xabU\xd3\xbf\xa6\x19\x0b\t\xce\xeae\xb1N\xaa\x88Q_P\xb8\xd5\xb27\xe2}\nY\xfc\xbff'"
131:b".\xa9J\x99o\xcaA\x84\x14A\xb1\x9b\xa1\xd4\xe7\x93\xf5\x0c\xf3\xd4\x82\xae\xfd\xdd~\x96<'\x88\x17i4"
132:b'kd\xd8H\xeb\xdb\xf6\xf4\xd2R[ov?\xe2\x8f\xa5\x9f\t\x9a\xbb\x87:M\xe7\x19XN\xca\xf0\xa3\x13'
133:b'X@\xd9=\xe1r\x16\xa9%\xb6D\xdehx\xf7$\xcb\x87E\xc0\xba\x9e \x16\xa2\x7fah\xcb\xf9#Z'
134:b'f\xd8\xee\xe8\xaa\xaaao\xa1\xa5\xef3\xa0s(\x91\xf7\xce\x94\xfbA\x16\x016\x11az\xcez+\xb6\x83'
135:b'\x7f\x992\xc2\xcceOD\x9eO\np\x8b\xaf=\xab\x16L\xfa\x06J\x82i\x99\x93\xbd5\xf9w\xdf`\xdd'
136:b'$\x91.\t@\x9e:\x05\xa2L\x9a\x0f\x98U"\xb5\xd4\xc5V\xb2M\xfceq\xadLO\x93\x15k\xd7\x19'
137:b'\x88\xe4\xbb\xe3X9\xc8\xcd\\a\xdd\xb8.D\xb29\xc4\x11L\xd8\xc8L\xdf\xb0N\xeb\xec\x17.\xb2\x04\x8a'
138:b'ax\xe8\xc9\xd15t\x0c\xfe\xbb3\xa08\x84{v\xe3_\xac2[\x07\x9cw\xfe\xbf\x8fi\x9c=|\t'
139:b'Nz\x8e\xb6\x1a\xe4KS\xb3\xd5\x86N\x0bl\x19\x11\xd7\xf7tc\x8c\x03\xb2\x19\xf4\x98\xe5\x9c\xcfm\xe56'
140:b'\xa9\x14\xce[+\xa3\xd1\xd1\xa9\xa5\x85\x81\xb7j.\x83\xfb\x93\x98X\x16\x87\xa3\xdb\xe2\x8aT\x96\x1b;\xc2o'
lc:b"#\x13\xf8'\xc7\xacK\rB\x02\xf3De3o\xa0\x8d\x9aV2\xc0\xf0\x9a5\xc8O\xe1,t5fv"
